src/app/dashboard/components/MonthlyBehaviorTab.tsx(408,24): error TS1005: '=>' expected.
